<?xml version="1.0" encoding="UTF-8"?>
<testsuites name="jest tests" tests="87" failures="0" errors="0" time="5.692">
  <testsuite name="Проверка функции searchCity" errors="0" failures="0" skipped="0" timestamp="2024-09-12T18:13:20" time="0.856" tests="22">
    <testcase classname="Проверка функции searchCity searchCity на русском должен вернуть полный массив городов, когда входное значение пустое" name="Проверка функции searchCity searchCity на русском должен вернуть полный массив городов, когда входное значение пустое" time="0.006">
    </testcase>
    <testcase classname="Проверка функции searchCity searchCity на русском должен вернуть пустой массив, когда входное значение не совпадает ни с одним городом" name="Проверка функции searchCity searchCity на русском должен вернуть пустой массив, когда входное значение не совпадает ни с одним городом" time="0.001">
    </testcase>
    <testcase classname="Проверка функции searchCity searchCity на русском должен вернуть отфильтрованный массив городов, когда входное значение совпадает с городом" name="Проверка функции searchCity searchCity на русском должен вернуть отфильтрованный массив городов, когда входное значение совпадает с городом" time="0">
    </testcase>
    <testcase classname="Проверка функции searchCity searchCity на русском должен вернуть отфильтрованный массив городов, когда входное значение совпадает с городом на другом языке" name="Проверка функции searchCity searchCity на русском должен вернуть отфильтрованный массив городов, когда входное значение совпадает с городом на другом языке" time="0">
    </testcase>
    <testcase classname="Проверка функции searchCity searchCity на русском должен корректно обрабатывать ввод с разным регистром" name="Проверка функции searchCity searchCity на русском должен корректно обрабатывать ввод с разным регистром" time="0.001">
    </testcase>
    <testcase classname="Проверка функции searchCity searchCity на русском должен вернуть пустой массив, если входное значение содержит спецсимволы или числа" name="Проверка функции searchCity searchCity на русском должен вернуть пустой массив, если входное значение содержит спецсимволы или числа" time="0">
    </testcase>
    <testcase classname="Проверка функции searchCity searchCity на русском должен вернуть пустой массив, если входное значение содержит спецсимволы или числа" name="Проверка функции searchCity searchCity на русском должен вернуть пустой массив, если входное значение содержит спецсимволы или числа" time="0">
    </testcase>
    <testcase classname="Проверка функции searchCity searchCity на русском должен вернуть пустой массив, если cities не существует" name="Проверка функции searchCity searchCity на русском должен вернуть пустой массив, если cities не существует" time="0.001">
    </testcase>
    <testcase classname="Проверка функции searchCity searchCity на английском должен вернуть полный массив городов, когда входное значение пустое" name="Проверка функции searchCity searchCity на английском должен вернуть полный массив городов, когда входное значение пустое" time="0">
    </testcase>
    <testcase classname="Проверка функции searchCity searchCity на английском должен вернуть пустой массив, когда входное значение не совпадает ни с одним городом" name="Проверка функции searchCity searchCity на английском должен вернуть пустой массив, когда входное значение не совпадает ни с одним городом" time="0">
    </testcase>
    <testcase classname="Проверка функции searchCity searchCity на английском должен вернуть отфильтрованный массив городов, когда входное значение совпадает с городом" name="Проверка функции searchCity searchCity на английском должен вернуть отфильтрованный массив городов, когда входное значение совпадает с городом" time="0">
    </testcase>
    <testcase classname="Проверка функции searchCity searchCity на английском должен вернуть отфильтрованный массив городов, когда входное значение совпадает с городом на другом языке" name="Проверка функции searchCity searchCity на английском должен вернуть отфильтрованный массив городов, когда входное значение совпадает с городом на другом языке" time="0">
    </testcase>
    <testcase classname="Проверка функции searchCity searchCity на английском должен корректно обрабатывать ввод с разным регистром" name="Проверка функции searchCity searchCity на английском должен корректно обрабатывать ввод с разным регистром" time="0">
    </testcase>
    <testcase classname="Проверка функции searchCity searchCity на английском должен вернуть пустой массив, если входное значение содержит спецсимволы или числа" name="Проверка функции searchCity searchCity на английском должен вернуть пустой массив, если входное значение содержит спецсимволы или числа" time="0">
    </testcase>
    <testcase classname="Проверка функции searchCity searchCity на казахском должен вернуть полный массив городов, когда входное значение пустое" name="Проверка функции searchCity searchCity на казахском должен вернуть полный массив городов, когда входное значение пустое" time="0.001">
    </testcase>
    <testcase classname="Проверка функции searchCity searchCity на казахском должен вернуть пустой массив, когда входное значение не совпадает ни с одним городом" name="Проверка функции searchCity searchCity на казахском должен вернуть пустой массив, когда входное значение не совпадает ни с одним городом" time="0">
    </testcase>
    <testcase classname="Проверка функции searchCity searchCity на казахском должен вернуть отфильтрованный массив городов, когда входное значение совпадает с городом" name="Проверка функции searchCity searchCity на казахском должен вернуть отфильтрованный массив городов, когда входное значение совпадает с городом" time="0">
    </testcase>
    <testcase classname="Проверка функции searchCity searchCity на казахском должен вернуть отфильтрованный массив городов, когда входное значение совпадает с городом на другом языке" name="Проверка функции searchCity searchCity на казахском должен вернуть отфильтрованный массив городов, когда входное значение совпадает с городом на другом языке" time="0.001">
    </testcase>
    <testcase classname="Проверка функции searchCity searchCity на казахском должен корректно обрабатывать ввод с разным регистром" name="Проверка функции searchCity searchCity на казахском должен корректно обрабатывать ввод с разным регистром" time="0">
    </testcase>
    <testcase classname="Проверка функции searchCity searchCity на казахском должен вернуть пустой массив, если входное значение содержит спецсимволы или числа" name="Проверка функции searchCity searchCity на казахском должен вернуть пустой массив, если входное значение содержит спецсимволы или числа" time="0">
    </testcase>
    <testcase classname="Проверка функции searchCity Некорректные или отсутствующие локали должен вернуть пустой массив, если передана некорректная локаль" name="Проверка функции searchCity Некорректные или отсутствующие локали должен вернуть пустой массив, если передана некорректная локаль" time="0">
    </testcase>
    <testcase classname="Проверка функции searchCity Некорректные или отсутствующие локали должен вернуть пустой массив, если локаль отсутствует" name="Проверка функции searchCity Некорректные или отсутствующие локали должен вернуть пустой массив, если локаль отсутствует" time="0.001">
    </testcase>
  </testsuite>
  <testsuite name="isMobileDevice" errors="0" failures="0" skipped="0" timestamp="2024-09-12T18:13:20" time="0.902" tests="3">
    <testcase classname="isMobileDevice должен возвращать значение true, когда user-agent указывает на мобильное устройство" name="isMobileDevice должен возвращать значение true, когда user-agent указывает на мобильное устройство" time="0.007">
    </testcase>
    <testcase classname="isMobileDevice должен возвращать false, когда user-agent указывает на немобильное устройство" name="isMobileDevice должен возвращать false, когда user-agent указывает на немобильное устройство" time="0.005">
    </testcase>
    <testcase classname="isMobileDevice должен возвращать false, если не указан пользовательский агент" name="isMobileDevice должен возвращать false, если не указан пользовательский агент" time="0.005">
    </testcase>
  </testsuite>
  <testsuite name="selectCurrentCity" errors="0" failures="0" skipped="0" timestamp="2024-09-12T18:13:20" time="0.898" tests="10">
    <testcase classname="selectCurrentCity Возвращает город по русскому названию" name="selectCurrentCity Возвращает город по русскому названию" time="0.006">
    </testcase>
    <testcase classname="selectCurrentCity Возвращает город по английскому названию" name="selectCurrentCity Возвращает город по английскому названию" time="0">
    </testcase>
    <testcase classname="selectCurrentCity Возвращает город по казахскому названию" name="selectCurrentCity Возвращает город по казахскому названию" time="0">
    </testcase>
    <testcase classname="selectCurrentCity Возвращает undefined, если город не найден" name="selectCurrentCity Возвращает undefined, если город не найден" time="0.001">
    </testcase>
    <testcase classname="selectCurrentCity Возвращает undefined, если массив городов пуст" name="selectCurrentCity Возвращает undefined, если массив городов пуст" time="0">
    </testcase>
    <testcase classname="selectCurrentCity Возвращает undefined, если массив городов отсутствует" name="selectCurrentCity Возвращает undefined, если массив городов отсутствует" time="0">
    </testcase>
    <testcase classname="selectCurrentCity Возвращает undefined, если все параметры названий городов отсутствуют" name="selectCurrentCity Возвращает undefined, если все параметры названий городов отсутствуют" time="0.001">
    </testcase>
    <testcase classname="selectCurrentCity Отдает приоритет русскому названию при наличии нескольких параметров" name="selectCurrentCity Отдает приоритет русскому названию при наличии нескольких параметров" time="0">
    </testcase>
    <testcase classname="selectCurrentCity Отдает приоритет английскому названию, если русское не указано" name="selectCurrentCity Отдает приоритет английскому названию, если русское не указано" time="0">
    </testcase>
    <testcase classname="selectCurrentCity Отдает приоритет казахскому названию, если русское и английское не указаны" name="selectCurrentCity Отдает приоритет казахскому названию, если русское и английское не указаны" time="0">
    </testcase>
  </testsuite>
  <testsuite name="undefined" errors="0" failures="0" skipped="0" timestamp="2024-09-12T18:13:20" time="0.905" tests="13">
    <testcase classname=" selectDataByLangCategory должен вернуть имя категории на основе текущего языка" name=" selectDataByLangCategory должен вернуть имя категории на основе текущего языка" time="0.006">
    </testcase>
    <testcase classname=" selectDataByLangBrands должен вернуть имя бренда на основе текущего языка" name=" selectDataByLangBrands должен вернуть имя бренда на основе текущего языка" time="0.001">
    </testcase>
    <testcase classname=" selectDataByLangProducts должен вернуть имя продукта на основе текущего языка" name=" selectDataByLangProducts должен вернуть имя продукта на основе текущего языка" time="0.001">
    </testcase>
    <testcase classname=" selectDataByLangDescriptionTitle должен вернуть заголовок описания на основе текущего языка" name=" selectDataByLangDescriptionTitle должен вернуть заголовок описания на основе текущего языка" time="0">
    </testcase>
    <testcase classname=" selectDataByLangDescriptionBody должен вернуть тело описания на основе текущего языка" name=" selectDataByLangDescriptionBody должен вернуть тело описания на основе текущего языка" time="0.001">
    </testcase>
    <testcase classname=" selectDataByLangSpecificationName-Specification должен вернуть имя спецификации на основе текущего языка" name=" selectDataByLangSpecificationName-Specification должен вернуть имя спецификации на основе текущего языка" time="0">
    </testcase>
    <testcase classname=" selectDataByLangSpecificationValue-Specification должен вернуть значение спецификации на основе текущего языка" name=" selectDataByLangSpecificationValue-Specification должен вернуть значение спецификации на основе текущего языка" time="0.001">
    </testcase>
    <testcase classname=" selectDataByLangSpecificationName-NameSpecification должен вернуть имя спецификации на основе текущего языка" name=" selectDataByLangSpecificationName-NameSpecification должен вернуть имя спецификации на основе текущего языка" time="0">
    </testcase>
    <testcase classname=" selectDataByLangSpecificationValue должен-ValueSpecification вернуть значение спецификации на основе текущего языка" name=" selectDataByLangSpecificationValue должен-ValueSpecification вернуть значение спецификации на основе текущего языка" time="0.001">
    </testcase>
    <testcase classname=" selectDataByLangSpecificationName-битые данные должны вернуть undefined" name=" selectDataByLangSpecificationName-битые данные должны вернуть undefined" time="0">
    </testcase>
    <testcase classname=" selectDataByLangSpecificationValue-битые данные должны вернуть undefined" name=" selectDataByLangSpecificationValue-битые данные должны вернуть undefined" time="0">
    </testcase>
    <testcase classname=" selectDataByLangCity должен вернуть название города на основе текущего языка" name=" selectDataByLangCity должен вернуть название города на основе текущего языка" time="0.001">
    </testcase>
    <testcase classname=" selectDataByTagProd должен вернуть текст тега на основе текущего языка" name=" selectDataByTagProd должен вернуть текст тега на основе текущего языка" time="0">
    </testcase>
  </testsuite>
  <testsuite name="ResponsiveComponent" errors="0" failures="0" skipped="0" timestamp="2024-09-12T18:13:20" time="1.012" tests="2">
    <testcase classname="ResponsiveComponent should render &quot;Wide Screen&quot; when screen width is at least 600px" name="ResponsiveComponent should render &quot;Wide Screen&quot; when screen width is at least 600px" time="0.031">
    </testcase>
    <testcase classname="ResponsiveComponent should render &quot;Narrow Screen&quot; when screen width is less than 600px" name="ResponsiveComponent should render &quot;Narrow Screen&quot; when screen width is less than 600px" time="0.002">
    </testcase>
  </testsuite>
  <testsuite name="LogoSCK" errors="0" failures="0" skipped="0" timestamp="2024-09-12T18:13:20" time="1.149" tests="3">
    <testcase classname="LogoSCK должен отображать логотип с правильным изображением" name="LogoSCK должен отображать логотип с правильным изображением" time="0.04">
    </testcase>
    <testcase classname="LogoSCK должен генерировать правильную ссылку" name="LogoSCK должен генерировать правильную ссылку" time="0.027">
    </testcase>
    <testcase classname="LogoSCK должен иметь правильные стили контейнера" name="LogoSCK должен иметь правильные стили контейнера" time="0.007">
    </testcase>
  </testsuite>
  <testsuite name="undefined" errors="0" failures="0" skipped="0" timestamp="2024-09-12T18:13:20" time="1.131" tests="1">
    <testcase classname=" Тест карусели на предмет отображение фоновой картинки по умолчанию" name=" Тест карусели на предмет отображение фоновой картинки по умолчанию" time="0.057">
    </testcase>
  </testsuite>
  <testsuite name="undefined" errors="0" failures="0" skipped="0" timestamp="2024-09-12T18:13:20" time="1.231" tests="5">
    <testcase classname=" Запрос текущего города исходя из локали и адреса в url (rus)" name=" Запрос текущего города исходя из локали и адреса в url (rus)" time="0.055">
    </testcase>
    <testcase classname=" Запрос текущего города исходя из локали и адреса в url (eng)" name=" Запрос текущего города исходя из локали и адреса в url (eng)" time="0.005">
    </testcase>
    <testcase classname=" Запрос текущего города исходя из локали и адреса в url (kaz)" name=" Запрос текущего города исходя из локали и адреса в url (kaz)" time="0.003">
    </testcase>
    <testcase classname=" Обработка неожиданного поведения локали" name=" Обработка неожиданного поведения локали" time="0.003">
    </testcase>
    <testcase classname=" Обработка неожиданного поведения адреса неизвестном городе" name=" Обработка неожиданного поведения адреса неизвестном городе" time="0.003">
    </testcase>
  </testsuite>
  <testsuite name="Проверка компонента SearchLine" errors="0" failures="0" skipped="0" timestamp="2024-09-12T18:13:20" time="3.367" tests="1">
    <testcase classname="Проверка компонента SearchLine Отключён ли компонент" name="Проверка компонента SearchLine Отключён ли компонент" time="0.158">
    </testcase>
  </testsuite>
  <testsuite name="Тестирование Header с Локализацией на русском десктоп" errors="0" failures="0" skipped="0" timestamp="2024-09-12T18:13:20" time="3.42" tests="2">
    <testcase classname="Тестирование Header с Локализацией на русском десктоп Рендер Header и проверка содержимого" name="Тестирование Header с Локализацией на русском десктоп Рендер Header и проверка содержимого" time="0.138">
    </testcase>
    <testcase classname="Тестирование Header с Локализацией на русском мобильная версия Рендер Header и проверка содержимого (мобильная версия) ссылок не должно быть" name="Тестирование Header с Локализацией на русском мобильная версия Рендер Header и проверка содержимого (мобильная версия) ссылок не должно быть" time="0.026">
    </testcase>
  </testsuite>
  <testsuite name="MenuWithOverflow" errors="0" failures="0" skipped="0" timestamp="2024-09-12T18:13:20" time="3.454" tests="1">
    <testcase classname="MenuWithOverflow скрывает элементы при переполнении и отображает их при увеличении размера" name="MenuWithOverflow скрывает элементы при переполнении и отображает их при увеличении размера" time="0.147">
    </testcase>
  </testsuite>
  <testsuite name="CatalogNavigation component" errors="0" failures="0" skipped="0" timestamp="2024-09-12T18:13:20" time="3.443" tests="1">
    <testcase classname="CatalogNavigation component должен правильно отображать список категорий" name="CatalogNavigation component должен правильно отображать список категорий" time="0.163">
    </testcase>
  </testsuite>
  <testsuite name="AccountButton" errors="0" failures="0" skipped="0" timestamp="2024-09-12T18:13:20" time="3.454" tests="3">
    <testcase classname="AccountButton должен отображать иконку логина" name="AccountButton должен отображать иконку логина" time="0.087">
    </testcase>
    <testcase classname="AccountButton должен отображать текст &quot;Личный кабинет&quot;" name="AccountButton должен отображать текст &quot;Личный кабинет&quot;" time="0.019">
    </testcase>
    <testcase classname="AccountButton должен иметь правильный размер кнопки" name="AccountButton должен иметь правильный размер кнопки" time="0.074">
    </testcase>
  </testsuite>
  <testsuite name="CatalogDesktop" errors="0" failures="0" skipped="0" timestamp="2024-09-12T18:13:20" time="3.461" tests="3">
    <testcase classname="CatalogDesktop компонент рендерится с переданными пропсами" name="CatalogDesktop компонент рендерится с переданными пропсами" time="0.111">
    </testcase>
    <testcase classname="CatalogDesktop CatalogPopover получает правильные пропсы" name="CatalogDesktop CatalogPopover получает правильные пропсы" time="0.019">
    </testcase>
    <testcase classname="CatalogDesktop Divider отображается с правильными стилями" name="CatalogDesktop Divider отображается с правильными стилями" time="0.043">
    </testcase>
  </testsuite>
  <testsuite name="BasketButton" errors="0" failures="0" skipped="0" timestamp="2024-09-12T18:13:20" time="3.552" tests="4">
    <testcase classname="BasketButton должен отображать количество товаров в Badge" name="BasketButton должен отображать количество товаров в Badge" time="0.116">
    </testcase>
    <testcase classname="BasketButton должен отображать правильную сумму корзины" name="BasketButton должен отображать правильную сумму корзины" time="0.036">
    </testcase>
    <testcase classname="BasketButton должен иметь правильный цвет фона кнопки" name="BasketButton должен иметь правильный цвет фона кнопки" time="0.095">
    </testcase>
    <testcase classname="BasketButton должен отображать разделитель" name="BasketButton должен отображать разделитель" time="0.06">
    </testcase>
  </testsuite>
  <testsuite name="Проверка компонента RenderMenu" errors="0" failures="0" skipped="0" timestamp="2024-09-12T18:13:20" time="3.571" tests="2">
    <testcase classname="Проверка компонента RenderMenu Рендер и подсчет количества категорий" name="Проверка компонента RenderMenu Рендер и подсчет количества категорий" time="0.263">
    </testcase>
    <testcase classname="Проверка компонента RenderMenu Рендер и проверка корректности данных" name="Проверка компонента RenderMenu Рендер и проверка корректности данных" time="0.094">
    </testcase>
  </testsuite>
  <testsuite name="undefined" errors="0" failures="0" skipped="0" timestamp="2024-09-12T18:13:20" time="3.572" tests="2">
    <testcase classname=" Рендер с выбранной локаль En" name=" Рендер с выбранной локаль En" time="0.167">
    </testcase>
    <testcase classname=" При Наведение на элемент происходит смена цвета и смена текущего элемента" name=" При Наведение на элемент происходит смена цвета и смена текущего элемента" time="0.141">
    </testcase>
  </testsuite>
  <testsuite name="Проверка компонента RenderMenu" errors="0" failures="0" skipped="0" timestamp="2024-09-12T18:13:20" time="3.633" tests="3">
    <testcase classname="Проверка компонента RenderMenu Рендер пустого меню" name="Проверка компонента RenderMenu Рендер пустого меню" time="0.02">
    </testcase>
    <testcase classname="Проверка компонента RenderMenu Рендер и подсчет количества категорий" name="Проверка компонента RenderMenu Рендер и подсчет количества категорий" time="0.245">
    </testcase>
    <testcase classname="Проверка компонента RenderMenu Рендер и проверка корректности данных" name="Проверка компонента RenderMenu Рендер и проверка корректности данных" time="0.036">
    </testcase>
  </testsuite>
  <testsuite name="undefined" errors="0" failures="0" skipped="0" timestamp="2024-09-12T18:13:20" time="4.046" tests="3">
    <testcase classname=" Проверка на возврат нужного количества под категорий" name=" Проверка на возврат нужного количества под категорий" time="0.753">
    </testcase>
    <testcase classname=" Проверка на возврат правильности данных под категорий для анг" name=" Проверка на возврат правильности данных под категорий для анг" time="0.033">
    </testcase>
    <testcase classname=" Проверка на возврат правильности данных под категорий для каз" name=" Проверка на возврат правильности данных под категорий для каз" time="0.029">
    </testcase>
  </testsuite>
  <testsuite name="undefined" errors="0" failures="0" skipped="0" timestamp="2024-09-12T18:13:20" time="4.32" tests="2">
    <testcase classname=" Открытие и закрытие модального окна" name=" Открытие и закрытие модального окна" time="0.735">
    </testcase>
    <testcase classname=" Фильтрация городов при поиске" name=" Фильтрация городов при поиске" time="0.279">
    </testcase>
  </testsuite>
  <testsuite name="CatalogPopover component" errors="0" failures="0" skipped="0" timestamp="2024-09-12T18:13:20" time="4.514" tests="1">
    <testcase classname="CatalogPopover component должен правильно отображать список категорий при клике" name="CatalogPopover component должен правильно отображать список категорий при клике" time="1.271">
    </testcase>
  </testsuite>
</testsuites>